Archive member included to satisfy reference by file (symbol)

e:/program files (x86)/stm32cubeide_1.7.0/stm32cubeide/plugins/com.st.stm32cube.ide.mcu.externaltools.gnu-tools-for-stm32.9-2020-q2-update.win32_2.0.0.202105311346/tools/bin/../lib/gcc/arm-none-eabi/9.3.1/../../../../arm-none-eabi/lib/thumb/v7-m/nofp\libc_nano.a(lib_a-errno.o)
                              ./Core/Src/syscalls.o (__errno)
e:/program files (x86)/stm32cubeide_1.7.0/stm32cubeide/plugins/com.st.stm32cube.ide.mcu.externaltools.gnu-tools-for-stm32.9-2020-q2-update.win32_2.0.0.202105311346/tools/bin/../lib/gcc/arm-none-eabi/9.3.1/../../../../arm-none-eabi/lib/thumb/v7-m/nofp\libc_nano.a(lib_a-exit.o)
                              e:/program files (x86)/stm32cubeide_1.7.0/stm32cubeide/plugins/com.st.stm32cube.ide.mcu.externaltools.gnu-tools-for-stm32.9-2020-q2-update.win32_2.0.0.202105311346/tools/bin/../lib/gcc/arm-none-eabi/9.3.1/../../../../arm-none-eabi/lib/thumb/v7-m/nofp/crt0.o (exit)
e:/program files (x86)/stm32cubeide_1.7.0/stm32cubeide/plugins/com.st.stm32cube.ide.mcu.externaltools.gnu-tools-for-stm32.9-2020-q2-update.win32_2.0.0.202105311346/tools/bin/../lib/gcc/arm-none-eabi/9.3.1/../../../../arm-none-eabi/lib/thumb/v7-m/nofp\libc_nano.a(lib_a-impure.o)
                              e:/program files (x86)/stm32cubeide_1.7.0/stm32cubeide/plugins/com.st.stm32cube.ide.mcu.externaltools.gnu-tools-for-stm32.9-2020-q2-update.win32_2.0.0.202105311346/tools/bin/../lib/gcc/arm-none-eabi/9.3.1/../../../../arm-none-eabi/lib/thumb/v7-m/nofp\libc_nano.a(lib_a-exit.o) (_global_impure_ptr)
e:/program files (x86)/stm32cubeide_1.7.0/stm32cubeide/plugins/com.st.stm32cube.ide.mcu.externaltools.gnu-tools-for-stm32.9-2020-q2-update.win32_2.0.0.202105311346/tools/bin/../lib/gcc/arm-none-eabi/9.3.1/../../../../arm-none-eabi/lib/thumb/v7-m/nofp\libc_nano.a(lib_a-init.o)
                              e:/program files (x86)/stm32cubeide_1.7.0/stm32cubeide/plugins/com.st.stm32cube.ide.mcu.externaltools.gnu-tools-for-stm32.9-2020-q2-update.win32_2.0.0.202105311346/tools/bin/../lib/gcc/arm-none-eabi/9.3.1/../../../../arm-none-eabi/lib/thumb/v7-m/nofp/crt0.o (__libc_init_array)
e:/program files (x86)/stm32cubeide_1.7.0/stm32cubeide/plugins/com.st.stm32cube.ide.mcu.externaltools.gnu-tools-for-stm32.9-2020-q2-update.win32_2.0.0.202105311346/tools/bin/../lib/gcc/arm-none-eabi/9.3.1/../../../../arm-none-eabi/lib/thumb/v7-m/nofp\libc_nano.a(lib_a-memset.o)
                              e:/program files (x86)/stm32cubeide_1.7.0/stm32cubeide/plugins/com.st.stm32cube.ide.mcu.externaltools.gnu-tools-for-stm32.9-2020-q2-update.win32_2.0.0.202105311346/tools/bin/../lib/gcc/arm-none-eabi/9.3.1/../../../../arm-none-eabi/lib/thumb/v7-m/nofp/crt0.o (memset)

Allocating common symbols
Common symbol       size              file

ledstate            0x4               ./Core/Src/button.o
uwTick              0x4               ./Drivers/STM32F1xx_HAL_Driver/Src/stm32f1xx_hal.o
pFlash              0x20              ./Drivers/STM32F1xx_HAL_Driver/Src/stm32f1xx_hal_flash.o
htim2               0x48              ./Core/Src/main.o

Discarded input sections

 .text          0x0000000000000000        0x0 e:/program files (x86)/stm32cubeide_1.7.0/stm32cubeide/plugins/com.st.stm32cube.ide.mcu.externaltools.gnu-tools-for-stm32.9-2020-q2-update.win32_2.0.0.202105311346/tools/bin/../lib/gcc/arm-none-eabi/9.3.1/thumb/v7-m/nofp/crti.o
 .data          0x0000000000000000        0x0 e:/program files (x86)/stm32cubeide_1.7.0/stm32cubeide/plugins/com.st.stm32cube.ide.mcu.externaltools.gnu-tools-for-stm32.9-2020-q2-update.win32_2.0.0.202105311346/tools/bin/../lib/gcc/arm-none-eabi/9.3.1/thumb/v7-m/nofp/crti.o
 .bss           0x0000000000000000        0x0 e:/program files (x86)/stm32cubeide_1.7.0/stm32cubeide/plugins/com.st.stm32cube.ide.mcu.externaltools.gnu-tools-for-stm32.9-2020-q2-update.win32_2.0.0.202105311346/tools/bin/../lib/gcc/arm-none-eabi/9.3.1/thumb/v7-m/nofp/crti.o
 .data          0x0000000000000000        0x4 e:/program files (x86)/stm32cubeide_1.7.0/stm32cubeide/plugins/com.st.stm32cube.ide.mcu.externaltools.gnu-tools-for-stm32.9-2020-q2-update.win32_2.0.0.202105311346/tools/bin/../lib/gcc/arm-none-eabi/9.3.1/thumb/v7-m/nofp/crtbegin.o
 .text          0x0000000000000000       0x7c e:/program files (x86)/stm32cubeide_1.7.0/stm32cubeide/plugins/com.st.stm32cube.ide.mcu.externaltools.gnu-tools-for-stm32.9-2020-q2-update.win32_2.0.0.202105311346/tools/bin/../lib/gcc/arm-none-eabi/9.3.1/../../../../arm-none-eabi/lib/thumb/v7-m/nofp/crt0.o
 .data          0x0000000000000000        0x0 e:/program files (x86)/stm32cubeide_1.7.0/stm32cubeide/plugins/com.st.stm32cube.ide.mcu.externaltools.gnu-tools-for-stm32.9-2020-q2-update.win32_2.0.0.202105311346/tools/bin/../lib/gcc/arm-none-eabi/9.3.1/../../../../arm-none-eabi/lib/thumb/v7-m/nofp/crt0.o
[...]
Memory Configuration

Name             Origin             Length             Attributes
RAM              0x0000000020000000 0x0000000000002800 xrw
FLASH            0x0000000008000000 0x0000000000008000 xr
*default*        0x0000000000000000 0xffffffffffffffff

Linker script and memory map

LOAD e:/program files (x86)/stm32cubeide_1.7.0/stm32cubeide/plugins/com.st.stm32cube.ide.mcu.externaltools.gnu-tools-for-stm32.9-2020-q2-update.win32_2.0.0.202105311346/tools/bin/../lib/gcc/arm-none-eabi/9.3.1/thumb/v7-m/nofp/crti.o
LOAD e:/program files (x86)/stm32cubeide_1.7.0/stm32cubeide/plugins/com.st.stm32cube.ide.mcu.externaltools.gnu-tools-for-stm32.9-2020-q2-update.win32_2.0.0.202105311346/tools/bin/../lib/gcc/arm-none-eabi/9.3.1/thumb/v7-m/nofp/crtbegin.o
LOAD e:/program files (x86)/stm32cubeide_1.7.0/stm32cubeide/plugins/com.st.stm32cube.ide.mcu.externaltools.gnu-tools-for-stm32.9-2020-q2-update.win32_2.0.0.202105311346/tools/bin/../lib/gcc/arm-none-eabi/9.3.1/../../../../arm-none-eabi/lib/thumb/v7-m/nofp/crt0.o
LOAD ./Core/Src/button.o
LOAD ./Core/Src/display7SEG.o
LOAD ./Core/Src/fsm_simple_buttoms.o
LOAD ./Core/Src/global.o
LOAD ./Core/Src/led.o
LOAD ./Core/Src/main.o
LOAD ./Core/Src/software_timer.o
LOAD ./Core/Src/stm32f1xx_hal_msp.o
LOAD ./Core/Src/stm32f1xx_it.o
LOAD ./Core/Src/syscalls.o
LOAD ./Core/Src/sysmem.o
LOAD ./Core/Src/system_stm32f1xx.o
LOAD ./Core/Startup/startup_stm32f103c6ux.o
LOAD ./Drivers/STM32F1xx_HAL_Driver/Src/stm32f1xx_hal.o
LOAD ./Drivers/STM32F1xx_HAL_Driver/Src/stm32f1xx_hal_cortex.o
LOAD ./Drivers/STM32F1xx_HAL_Driver/Src/stm32f1xx_hal_dma.o
LOAD ./Drivers/STM32F1xx_HAL_Driver/Src/stm32f1xx_hal_exti.o
LOAD ./Drivers/STM32F1xx_HAL_Driver/Src/stm32f1xx_hal_flash.o
LOAD ./Drivers/STM32F1xx_HAL_Driver/Src/stm32f1xx_hal_flash_ex.o
LOAD ./Drivers/STM32F1xx_HAL_Driver/Src/stm32f1xx_hal_gpio.o
LOAD ./Drivers/STM32F1xx_HAL_Driver/Src/stm32f1xx_hal_gpio_ex.o
LOAD ./Drivers/STM32F1xx_HAL_Driver/Src/stm32f1xx_hal_pwr.o
LOAD ./Drivers/STM32F1xx_HAL_Driver/Src/stm32f1xx_hal_rcc.o
LOAD ./Drivers/STM32F1xx_HAL_Driver/Src/stm32f1xx_hal_rcc_ex.o
LOAD ./Drivers/STM32F1xx_HAL_Driver/Src/stm32f1xx_hal_tim.o
LOAD ./Drivers/STM32F1xx_HAL_Driver/Src/stm32f1xx_hal_tim_ex.o
START GROUP
LOAD e:/program files (x86)/stm32cubeide_1.7.0/stm32cubeide/plugins/com.st.stm32cube.ide.mcu.externaltools.gnu-tools-for-stm32.9-2020-q2-update.win32_2.0.0.202105311346/tools/bin/../lib/gcc/arm-none-eabi/9.3.1/../../../../arm-none-eabi/lib/thumb/v7-m/nofp\libc_nano.a
LOAD e:/program files (x86)/stm32cubeide_1.7.0/stm32cubeide/plugins/com.st.stm32cube.ide.mcu.externaltools.gnu-tools-for-stm32.9-2020-q2-update.win32_2.0.0.202105311346/tools/bin/../lib/gcc/arm-none-eabi/9.3.1/../../../../arm-none-eabi/lib/thumb/v7-m/nofp\libm.a
END GROUP
START GROUP
LOAD e:/program files (x86)/stm32cubeide_1.7.0/stm32cubeide/plugins/com.st.stm32cube.ide.mcu.externaltools.gnu-tools-for-stm32.9-2020-q2-update.win32_2.0.0.202105311346/tools/bin/../lib/gcc/arm-none-eabi/9.3.1/thumb/v7-m/nofp\libgcc.a
LOAD e:/program files (x86)/stm32cubeide_1.7.0/stm32cubeide/plugins/com.st.stm32cube.ide.mcu.externaltools.gnu-tools-for-stm32.9-2020-q2-update.win32_2.0.0.202105311346/tools/bin/../lib/gcc/arm-none-eabi/9.3.1/../../../../arm-none-eabi/lib/thumb/v7-m/nofp\libc_nano.a
END GROUP
START GROUP
LOAD e:/program files (x86)/stm32cubeide_1.7.0/stm32cubeide/plugins/com.st.stm32cube.ide.mcu.externaltools.gnu-tools-for-stm32.9-2020-q2-update.win32_2.0.0.202105311346/tools/bin/../lib/gcc/arm-none-eabi/9.3.1/thumb/v7-m/nofp\libgcc.a
LOAD e:/program files (x86)/stm32cubeide_1.7.0/stm32cubeide/plugins/com.st.stm32cube.ide.mcu.externaltools.gnu-tools-for-stm32.9-2020-q2-update.win32_2.0.0.202105311346/tools/bin/../lib/gcc/arm-none-eabi/9.3.1/../../../../arm-none-eabi/lib/thumb/v7-m/nofp\libc_nano.a
LOAD e:/program files (x86)/stm32cubeide_1.7.0/stm32cubeide/plugins/com.st.stm32cube.ide.mcu.externaltools.gnu-tools-for-stm32.9-2020-q2-update.win32_2.0.0.202105311346/tools/bin/../lib/gcc/arm-none-eabi/9.3.1/../../../../arm-none-eabi/lib/thumb/v7-m/nofp\libnosys.a
END GROUP
START GROUP
LOAD e:/program files (x86)/stm32cubeide_1.7.0/stm32cubeide/plugins/com.st.stm32cube.ide.mcu.externaltools.gnu-tools-for-stm32.9-2020-q2-update.win32_2.0.0.202105311346/tools/bin/../lib/gcc/arm-none-eabi/9.3.1/thumb/v7-m/nofp\libgcc.a
LOAD e:/program files (x86)/stm32cubeide_1.7.0/stm32cubeide/plugins/com.st.stm32cube.ide.mcu.externaltools.gnu-tools-for-stm32.9-2020-q2-update.win32_2.0.0.202105311346/tools/bin/../lib/gcc/arm-none-eabi/9.3.1/../../../../arm-none-eabi/lib/thumb/v7-m/nofp\libc_nano.a
LOAD e:/program files (x86)/stm32cubeide_1.7.0/stm32cubeide/plugins/com.st.stm32cube.ide.mcu.externaltools.gnu-tools-for-stm32.9-2020-q2-update.win32_2.0.0.202105311346/tools/bin/../lib/gcc/arm-none-eabi/9.3.1/../../../../arm-none-eabi/lib/thumb/v7-m/nofp\libnosys.a
END GROUP
LOAD e:/program files (x86)/stm32cubeide_1.7.0/stm32cubeide/plugins/com.st.stm32cube.ide.mcu.externaltools.gnu-tools-for-stm32.9-2020-q2-update.win32_2.0.0.202105311346/tools/bin/../lib/gcc/arm-none-eabi/9.3.1/thumb/v7-m/nofp/crtend.o
LOAD e:/program files (x86)/stm32cubeide_1.7.0/stm32cubeide/plugins/com.st.stm32cube.ide.mcu.externaltools.gnu-tools-for-stm32.9-2020-q2-update.win32_2.0.0.202105311346/tools/bin/../lib/gcc/arm-none-eabi/9.3.1/thumb/v7-m/nofp/crtn.o
                0x0000000020002800                _estack = (ORIGIN (RAM) + LENGTH (RAM))
                0x0000000000000200                _Min_Heap_Size = 0x200
                0x0000000000000400                _Min_Stack_Size = 0x400

.isr_vector     0x0000000008000000      0x10c
                0x0000000008000000                . = ALIGN (0x4)
 *(.isr_vector)
 .isr_vector    0x0000000008000000      0x10c ./Core/Startup/startup_stm32f103c6ux.o
                0x0000000008000000                g_pfnVectors
                0x000000000800010c                . = ALIGN (0x4)

.text           0x000000000800010c     0x288c
                0x000000000800010c                . = ALIGN (0x4)
 *(.text)
 .text          0x000000000800010c       0x40 e:/program files (x86)/stm32cubeide_1.7.0/stm32cubeide/plugins/com.st.stm32cube.ide.mcu.externaltools.gnu-tools-for-stm32.9-2020-q2-update.win32_2.0.0.202105311346/tools/bin/../lib/gcc/arm-none-eabi/9.3.1/thumb/v7-m/nofp/crtbegin.o
 *(.text*)
 .text.isButtonRESETpressed
                0x000000000800014c       0x24 ./Core/Src/button.o
                0x000000000800014c                isButtonRESETpressed
 .text.isButtonINCpressed
                0x0000000008000170       0x24 ./Core/Src/button.o
                0x0000000008000170                isButtonINCpressed
 .text.isButtonDECpressed
                0x0000000008000194       0x24 ./Core/Src/button.o
                0x0000000008000194                isButtonDECpressed
 .text.isButtonINCholding
                0x00000000080001b8        0xe ./Core/Src/button.o
                0x00000000080001b8                isButtonINCholding
 .text.isButtonDECholding
                0x00000000080001c6        0xe ./Core/Src/button.o
                0x00000000080001c6                isButtonDECholding
 .text.subKeyRESETProcess
                0x00000000080001d4       0x18 ./Core/Src/button.o
                0x00000000080001d4                subKeyRESETProcess
 .text.subKeyINCProcess
                0x00000000080001ec       0x18 ./Core/Src/button.o
                0x00000000080001ec                subKeyINCProcess
 .text.subKeyDECProcess
                0x0000000008000204       0x18 ./Core/Src/button.o
                0x0000000008000204                subKeyDECProcess
 .text.getKeyRESETinput
                0x000000000800021c       0xa8 ./Core/Src/button.o
                0x000000000800021c                getKeyRESETinput
 .text.getKeyINCinput
                0x00000000080002c4       0xa8 ./Core/Src/button.o
                0x00000000080002c4                getKeyINCinput
 .text.getKeyDECinput
                0x000000000800036c       0xa8 ./Core/Src/button.o
                0x000000000800036c                getKeyDECinput
 .text.display7SEG
                0x0000000008000414      0x324 ./Core/Src/display7SEG.o
                0x0000000008000414                display7SEG
 .text.fsm_simple_buttons3_run
                0x0000000008000738      0x6ac ./Core/Src/fsm_simple_buttoms.o
                0x0000000008000738                fsm_simple_buttons3_run
 .text.led_blinky
                0x0000000008000de4       0x54 ./Core/Src/led.o
                0x0000000008000de4                led_blinky
 .text.main     0x0000000008000e38       0x3c ./Core/Src/main.o
                0x0000000008000e38                main
 .text.SystemClock_Config
                0x0000000008000e74       0x76 ./Core/Src/main.o
                0x0000000008000e74                SystemClock_Config
 *fill*         0x0000000008000eea        0x2 
 .text.MX_TIM2_Init
                0x0000000008000eec       0x98 ./Core/Src/main.o
 .text.MX_GPIO_Init
                0x0000000008000f84       0xc0 ./Core/Src/main.o
 .text.HAL_TIM_PeriodElapsedCallback
                0x0000000008001044       0x20 ./Core/Src/main.o
                0x0000000008001044                HAL_TIM_PeriodElapsedCallback
 .text.Error_Handler
                0x0000000008001064        0xa ./Core/Src/main.o
                0x0000000008001064                Error_Handler
 *fill*         0x000000000800106e        0x2 
 .text.setTimer1
                0x0000000008001070       0x38 ./Core/Src/software_timer.o
                0x0000000008001070                setTimer1
 .text.setTimer3
                0x00000000080010a8       0x38 ./Core/Src/software_timer.o
                0x00000000080010a8                setTimer3
 .text.setTimer4
                0x00000000080010e0       0x38 ./Core/Src/software_timer.o
                0x00000000080010e0                setTimer4
 .text.timerRun
                0x0000000008001118       0xac ./Core/Src/software_timer.o
                0x0000000008001118                timerRun
 .text.HAL_MspInit
                0x00000000080011c4       0x64 ./Core/Src/stm32f1xx_hal_msp.o
                0x00000000080011c4                HAL_MspInit
 .text.HAL_TIM_Base_MspInit
                0x0000000008001228       0x48 ./Core/Src/stm32f1xx_hal_msp.o
                0x0000000008001228                HAL_TIM_Base_MspInit
 .text.NMI_Handler
                0x0000000008001270        0x6 ./Core/Src/stm32f1xx_it.o
                0x0000000008001270                NMI_Handler
 .text.HardFault_Handler
                0x0000000008001276        0x6 ./Core/Src/stm32f1xx_it.o
                0x0000000008001276                HardFault_Handler
 .text.MemManage_Handler
                0x000000000800127c        0x6 ./Core/Src/stm32f1xx_it.o
                0x000000000800127c                MemManage_Handler
 .text.BusFault_Handler
                0x0000000008001282        0x6 ./Core/Src/stm32f1xx_it.o
                0x0000000008001282                BusFault_Handler
 .text.UsageFault_Handler
                0x0000000008001288        0x6 ./Core/Src/stm32f1xx_it.o
                0x0000000008001288                UsageFault_Handler
 .text.SVC_Handler
                0x000000000800128e        0xc ./Core/Src/stm32f1xx_it.o
                0x000000000800128e                SVC_Handler
 .text.DebugMon_Handler
                0x000000000800129a        0xc ./Core/Src/stm32f1xx_it.o
                0x000000000800129a                DebugMon_Handler
 .text.PendSV_Handler
                0x00000000080012a6        0xc ./Core/Src/stm32f1xx_it.o
                0x00000000080012a6                PendSV_Handler
 .text.SysTick_Handler
                0x00000000080012b2        0xc ./Core/Src/stm32f1xx_it.o
                0x00000000080012b2                SysTick_Handler
 *fill*         0x00000000080012be        0x2 
 .text.TIM2_IRQHandler
                0x00000000080012c0       0x14 ./Core/Src/stm32f1xx_it.o
                0x00000000080012c0                TIM2_IRQHandler
 .text.SystemInit
                0x00000000080012d4        0xc ./Core/Src/system_stm32f1xx.o
                0x00000000080012d4                SystemInit
 .text.Reset_Handler
                0x00000000080012e0       0x48 ./Core/Startup/startup_stm32f103c6ux.o
                0x00000000080012e0                Reset_Handler
 .text.Default_Handler
                0x0000000008001328        0x2 ./Core/Startup/startup_stm32f103c6ux.o
                0x0000000008001328                RTC_Alarm_IRQHandler
                0x0000000008001328                EXTI2_IRQHandler
                0x0000000008001328                TIM1_CC_IRQHandler
                0x0000000008001328                PVD_IRQHandler
                0x0000000008001328                EXTI3_IRQHandler
                0x0000000008001328                EXTI0_IRQHandler
                0x0000000008001328                ADC1_2_IRQHandler
                0x0000000008001328                SPI1_IRQHandler
                0x0000000008001328                TAMPER_IRQHandler
                0x0000000008001328                DMA1_Channel4_IRQHandler
                0x0000000008001328                RTC_IRQHandler
                0x0000000008001328                DMA1_Channel7_IRQHandler
                0x0000000008001328                CAN1_RX1_IRQHandler
                0x0000000008001328                I2C1_EV_IRQHandler
                0x0000000008001328                DMA1_Channel6_IRQHandler
                0x0000000008001328                TIM3_IRQHandler
                0x0000000008001328                RCC_IRQHandler
                0x0000000008001328                TIM1_TRG_COM_IRQHandler
                0x0000000008001328                DMA1_Channel1_IRQHandler
                0x0000000008001328                Default_Handler
                0x0000000008001328                EXTI15_10_IRQHandler
                0x0000000008001328                EXTI9_5_IRQHandler
                0x0000000008001328                DMA1_Channel5_IRQHandler
                0x0000000008001328                EXTI4_IRQHandler
                0x0000000008001328                USB_LP_CAN1_RX0_IRQHandler
                0x0000000008001328                USB_HP_CAN1_TX_IRQHandler
                0x0000000008001328                DMA1_Channel3_IRQHandler
                0x0000000008001328                TIM1_UP_IRQHandler
                0x0000000008001328                WWDG_IRQHandler
                0x0000000008001328                TIM1_BRK_IRQHandler
                0x0000000008001328                EXTI1_IRQHandler
                0x0000000008001328                USART2_IRQHandler
                0x0000000008001328                DMA1_Channel2_IRQHandler
                0x0000000008001328                CAN1_SCE_IRQHandler
                0x0000000008001328                FLASH_IRQHandler
                0x0000000008001328                USART1_IRQHandler
                0x0000000008001328                I2C1_ER_IRQHandler
                0x0000000008001328                USBWakeUp_IRQHandler
 *fill*         0x000000000800132a        0x2 
 .text.HAL_Init
                0x000000000800132c       0x2c ./Drivers/STM32F1xx_HAL_Driver/Src/stm32f1xx_hal.o
                0x000000000800132c                HAL_Init
 .text.HAL_InitTick
                0x0000000008001358       0x60 ./Drivers/STM32F1xx_HAL_Driver/Src/stm32f1xx_hal.o
                0x0000000008001358                HAL_InitTick
 .text.HAL_IncTick
                0x00000000080013b8       0x24 ./Drivers/STM32F1xx_HAL_Driver/Src/stm32f1xx_hal.o
                0x00000000080013b8                HAL_IncTick
 .text.HAL_GetTick
                0x00000000080013dc       0x14 ./Drivers/STM32F1xx_HAL_Driver/Src/stm32f1xx_hal.o
                0x00000000080013dc                HAL_GetTick
 .text.__NVIC_SetPriorityGrouping
                0x00000000080013f0       0x48 ./Drivers/STM32F1xx_HAL_Driver/Src/stm32f1xx_hal_cortex.o
 .text.__NVIC_GetPriorityGrouping
                0x0000000008001438       0x1c ./Drivers/STM32F1xx_HAL_Driver/Src/stm32f1xx_hal_cortex.o
 .text.__NVIC_EnableIRQ
                0x0000000008001454       0x38 ./Drivers/STM32F1xx_HAL_Driver/Src/stm32f1xx_hal_cortex.o
 .text.__NVIC_SetPriority
                0x000000000800148c       0x54 ./Drivers/STM32F1xx_HAL_Driver/Src/stm32f1xx_hal_cortex.o
 .text.NVIC_EncodePriority
                0x00000000080014e0       0x64 ./Drivers/STM32F1xx_HAL_Driver/Src/stm32f1xx_hal_cortex.o
 .text.SysTick_Config
                0x0000000008001544       0x44 ./Drivers/STM32F1xx_HAL_Driver/Src/stm32f1xx_hal_cortex.o
 .text.HAL_NVIC_SetPriorityGrouping
                0x0000000008001588       0x16 ./Drivers/STM32F1xx_HAL_Driver/Src/stm32f1xx_hal_cortex.o
                0x0000000008001588                HAL_NVIC_SetPriorityGrouping
 .text.HAL_NVIC_SetPriority
                0x000000000800159e       0x38 ./Drivers/STM32F1xx_HAL_Driver/Src/stm32f1xx_hal_cortex.o
                0x000000000800159e                HAL_NVIC_SetPriority
 .text.HAL_NVIC_EnableIRQ
                0x00000000080015d6       0x1c ./Drivers/STM32F1xx_HAL_Driver/Src/stm32f1xx_hal_cortex.o
                0x00000000080015d6                HAL_NVIC_EnableIRQ
 .text.HAL_SYSTICK_Config
                0x00000000080015f2       0x18 ./Drivers/STM32F1xx_HAL_Driver/Src/stm32f1xx_hal_cortex.o
                0x00000000080015f2                HAL_SYSTICK_Config
 *fill*         0x000000000800160a        0x2 
 .text.HAL_GPIO_Init
                0x000000000800160c      0x2f4 ./Drivers/STM32F1xx_HAL_Driver/Src/stm32f1xx_hal_gpio.o
                0x000000000800160c                HAL_GPIO_Init
 .text.HAL_GPIO_ReadPin
                0x0000000008001900       0x2e ./Drivers/STM32F1xx_HAL_Driver/Src/stm32f1xx_hal_gpio.o
                0x0000000008001900                HAL_GPIO_ReadPin
 .text.HAL_GPIO_WritePin
                0x000000000800192e       0x30 ./Drivers/STM32F1xx_HAL_Driver/Src/stm32f1xx_hal_gpio.o
                0x000000000800192e                HAL_GPIO_WritePin
 .text.HAL_GPIO_TogglePin
                0x000000000800195e       0x32 ./Drivers/STM32F1xx_HAL_Driver/Src/stm32f1xx_hal_gpio.o
                0x000000000800195e                HAL_GPIO_TogglePin
 .text.HAL_RCC_OscConfig
                0x0000000008001990      0x500 ./Drivers/STM32F1xx_HAL_Driver/Src/stm32f1xx_hal_rcc.o
                0x0000000008001990                HAL_RCC_OscConfig
 .text.HAL_RCC_ClockConfig
                0x0000000008001e90      0x1d4 ./Drivers/STM32F1xx_HAL_Driver/Src/stm32f1xx_hal_rcc.o
                0x0000000008001e90                HAL_RCC_ClockConfig
 .text.HAL_RCC_GetSysClockFreq
                0x0000000008002064       0xc0 ./Drivers/STM32F1xx_HAL_Driver/Src/stm32f1xx_hal_rcc.o
                0x0000000008002064                HAL_RCC_GetSysClockFreq
 .text.RCC_Delay
                0x0000000008002124       0x3c ./Drivers/STM32F1xx_HAL_Driver/Src/stm32f1xx_hal_rcc.o
 .text.HAL_TIM_Base_Init
                0x0000000008002160       0x9e ./Drivers/STM32F1xx_HAL_Driver/Src/stm32f1xx_hal_tim.o
                0x0000000008002160                HAL_TIM_Base_Init
 *fill*         0x00000000080021fe        0x2 
 .text.HAL_TIM_Base_Start_IT
                0x0000000008002200       0x98 ./Drivers/STM32F1xx_HAL_Driver/Src/stm32f1xx_hal_tim.o
                0x0000000008002200                HAL_TIM_Base_Start_IT
 .text.HAL_TIM_IRQHandler
                0x0000000008002298      0x210 ./Drivers/STM32F1xx_HAL_Driver/Src/stm32f1xx_hal_tim.o
                0x0000000008002298                HAL_TIM_IRQHandler
 .text.HAL_TIM_ConfigClockSource
                0x00000000080024a8      0x188 ./Drivers/STM32F1xx_HAL_Driver/Src/stm32f1xx_hal_tim.o
                0x00000000080024a8                HAL_TIM_ConfigClockSource
 .text.HAL_TIM_OC_DelayElapsedCallback
                0x0000000008002630       0x12 ./Drivers/STM32F1xx_HAL_Driver/Src/stm32f1xx_hal_tim.o
                0x0000000008002630                HAL_TIM_OC_DelayElapsedCallback
 .text.HAL_TIM_IC_CaptureCallback
                0x0000000008002642       0x12 ./Drivers/STM32F1xx_HAL_Driver/Src/stm32f1xx_hal_tim.o
                0x0000000008002642                HAL_TIM_IC_CaptureCallback
 .text.HAL_TIM_PWM_PulseFinishedCallback
                0x0000000008002654       0x12 ./Drivers/STM32F1xx_HAL_Driver/Src/stm32f1xx_hal_tim.o
                0x0000000008002654                HAL_TIM_PWM_PulseFinishedCallback
 .text.HAL_TIM_TriggerCallback
                0x0000000008002666       0x12 ./Drivers/STM32F1xx_HAL_Driver/Src/stm32f1xx_hal_tim.o
                0x0000000008002666                HAL_TIM_TriggerCallback
 .text.TIM_Base_SetConfig
                0x0000000008002678       0xb0 ./Drivers/STM32F1xx_HAL_Driver/Src/stm32f1xx_hal_tim.o
                0x0000000008002678                TIM_Base_SetConfig
 .text.TIM_TI1_ConfigInputStage
                0x0000000008002728       0x5c ./Drivers/STM32F1xx_HAL_Driver/Src/stm32f1xx_hal_tim.o
 .text.TIM_TI2_ConfigInputStage
                0x0000000008002784       0x5e ./Drivers/STM32F1xx_HAL_Driver/Src/stm32f1xx_hal_tim.o
 .text.TIM_ITRx_SetConfig
                0x00000000080027e2       0x34 ./Drivers/STM32F1xx_HAL_Driver/Src/stm32f1xx_hal_tim.o
 .text.TIM_ETR_SetConfig
                0x0000000008002816       0x3e ./Drivers/STM32F1xx_HAL_Driver/Src/stm32f1xx_hal_tim.o
                0x0000000008002816                TIM_ETR_SetConfig
 .text.HAL_TIMEx_MasterConfigSynchronization
                0x0000000008002854       0xb0 ./Drivers/STM32F1xx_HAL_Driver/Src/stm32f1xx_hal_tim_ex.o
                0x0000000008002854                HAL_TIMEx_MasterConfigSynchronization
 .text.HAL_TIMEx_CommutCallback
                0x0000000008002904       0x12 ./Drivers/STM32F1xx_HAL_Driver/Src/stm32f1xx_hal_tim_ex.o
                0x0000000008002904                HAL_TIMEx_CommutCallback
 .text.HAL_TIMEx_BreakCallback
                0x0000000008002916       0x12 ./Drivers/STM32F1xx_HAL_Driver/Src/stm32f1xx_hal_tim_ex.o
                0x0000000008002916                HAL_TIMEx_BreakCallback
 .text.__libc_init_array
                0x0000000008002928       0x48 e:/program files (x86)/stm32cubeide_1.7.0/stm32cubeide/plugins/com.st.stm32cube.ide.mcu.externaltools.gnu-tools-for-stm32.9-2020-q2-update.win32_2.0.0.202105311346/tools/bin/../lib/gcc/arm-none-eabi/9.3.1/../../../../arm-none-eabi/lib/thumb/v7-m/nofp\libc_nano.a(lib_a-init.o)
                0x0000000008002928                __libc_init_array
 .text.memset   0x0000000008002970       0x10 e:/program files (x86)/stm32cubeide_1.7.0/stm32cubeide/plugins/com.st.stm32cube.ide.mcu.externaltools.gnu-tools-for-stm32.9-2020-q2-update.win32_2.0.0.202105311346/tools/bin/../lib/gcc/arm-none-eabi/9.3.1/../../../../arm-none-eabi/lib/thumb/v7-m/nofp\libc_nano.a(lib_a-memset.o)
                0x0000000008002970                memset
 *(.glue_7)
 .glue_7        0x0000000008002980        0x0 linker stubs
 *(.glue_7t)
 .glue_7t       0x0000000008002980        0x0 linker stubs
 *(.eh_frame)
 .eh_frame      0x0000000008002980        0x0 e:/program files (x86)/stm32cubeide_1.7.0/stm32cubeide/plugins/com.st.stm32cube.ide.mcu.externaltools.gnu-tools-for-stm32.9-2020-q2-update.win32_2.0.0.202105311346/tools/bin/../lib/gcc/arm-none-eabi/9.3.1/thumb/v7-m/nofp/crtbegin.o
 *(.init)
 .init          0x0000000008002980        0x4 e:/program files (x86)/stm32cubeide_1.7.0/stm32cubeide/plugins/com.st.stm32cube.ide.mcu.externaltools.gnu-tools-for-stm32.9-2020-q2-update.win32_2.0.0.202105311346/tools/bin/../lib/gcc/arm-none-eabi/9.3.1/thumb/v7-m/nofp/crti.o
                0x0000000008002980                _init
 .init          0x0000000008002984        0x8 e:/program files (x86)/stm32cubeide_1.7.0/stm32cubeide/plugins/com.st.stm32cube.ide.mcu.externaltools.gnu-tools-for-stm32.9-2020-q2-update.win32_2.0.0.202105311346/tools/bin/../lib/gcc/arm-none-eabi/9.3.1/thumb/v7-m/nofp/crtn.o
 *(.fini)
 .fini          0x000000000800298c        0x4 e:/program files (x86)/stm32cubeide_1.7.0/stm32cubeide/plugins/com.st.stm32cube.ide.mcu.externaltools.gnu-tools-for-stm32.9-2020-q2-update.win32_2.0.0.202105311346/tools/bin/../lib/gcc/arm-none-eabi/9.3.1/thumb/v7-m/nofp/crti.o
                0x000000000800298c                _fini
 .fini          0x0000000008002990        0x8 e:/program files (x86)/stm32cubeide_1.7.0/stm32cubeide/plugins/com.st.stm32cube.ide.mcu.externaltools.gnu-tools-for-stm32.9-2020-q2-update.win32_2.0.0.202105311346/tools/bin/../lib/gcc/arm-none-eabi/9.3.1/thumb/v7-m/nofp/crtn.o
                0x0000000008002998                . = ALIGN (0x4)
                0x0000000008002998                _etext = .

.vfp11_veneer   0x0000000008002998        0x0
 .vfp11_veneer  0x0000000008002998        0x0 linker stubs

.v4_bx          0x0000000008002998        0x0
 .v4_bx         0x0000000008002998        0x0 linker stubs

.iplt           0x0000000008002998        0x0
 .iplt          0x0000000008002998        0x0 e:/program files (x86)/stm32cubeide_1.7.0/stm32cubeide/plugins/com.st.stm32cube.ide.mcu.externaltools.gnu-tools-for-stm32.9-2020-q2-update.win32_2.0.0.202105311346/tools/bin/../lib/gcc/arm-none-eabi/9.3.1/thumb/v7-m/nofp/crtbegin.o

.rodata         0x0000000008002998       0x20
                0x0000000008002998                . = ALIGN (0x4)
 *(.rodata)
 .rodata        0x0000000008002998       0x10 ./Drivers/STM32F1xx_HAL_Driver/Src/stm32f1xx_hal_rcc.o
 *(.rodata*)
 .rodata.AHBPrescTable
                0x00000000080029a8       0x10 ./Core/Src/system_stm32f1xx.o
                0x00000000080029a8                AHBPrescTable
                0x00000000080029b8                . = ALIGN (0x4)

.rel.dyn        0x00000000080029b8        0x0
 .rel.iplt      0x00000000080029b8        0x0 e:/program files (x86)/stm32cubeide_1.7.0/stm32cubeide/plugins/com.st.stm32cube.ide.mcu.externaltools.gnu-tools-for-stm32.9-2020-q2-update.win32_2.0.0.202105311346/tools/bin/../lib/gcc/arm-none-eabi/9.3.1/thumb/v7-m/nofp/crtbegin.o

.ARM.extab      0x00000000080029b8        0x0
                0x00000000080029b8                . = ALIGN (0x4)
 *(.ARM.extab* .gnu.linkonce.armextab.*)
                0x00000000080029b8                . = ALIGN (0x4)

.ARM            0x00000000080029b8        0x0
                0x00000000080029b8                . = ALIGN (0x4)
                0x00000000080029b8                __exidx_start = .
 *(.ARM.exidx*)
                0x00000000080029b8                __exidx_end = .
                0x00000000080029b8                . = ALIGN (0x4)

.preinit_array  0x00000000080029b8        0x0
                0x00000000080029b8                . = ALIGN (0x4)
                0x00000000080029b8                PROVIDE (__preinit_array_start = .)
 *(.preinit_array*)
                0x00000000080029b8                PROVIDE (__preinit_array_end = .)
                0x00000000080029b8                . = ALIGN (0x4)

.init_array     0x00000000080029b8        0x4
                0x00000000080029b8                . = ALIGN (0x4)
                0x00000000080029b8                PROVIDE (__init_array_start = .)
 *(SORT_BY_NAME(.init_array.*))
 *(.init_array*)
 .init_array    0x00000000080029b8        0x4 e:/program files (x86)/stm32cubeide_1.7.0/stm32cubeide/plugins/com.st.stm32cube.ide.mcu.externaltools.gnu-tools-for-stm32.9-2020-q2-update.win32_2.0.0.202105311346/tools/bin/../lib/gcc/arm-none-eabi/9.3.1/thumb/v7-m/nofp/crtbegin.o
                0x00000000080029bc                PROVIDE (__init_array_end = .)
                0x00000000080029bc                . = ALIGN (0x4)

.fini_array     0x00000000080029bc        0x4
                0x00000000080029bc                . = ALIGN (0x4)
                [!provide]                        PROVIDE (__fini_array_start = .)
 *(SORT_BY_NAME(.fini_array.*))
 *(.fini_array*)
 .fini_array    0x00000000080029bc        0x4 e:/program files (x86)/stm32cubeide_1.7.0/stm32cubeide/plugins/com.st.stm32cube.ide.mcu.externaltools.gnu-tools-for-stm32.9-2020-q2-update.win32_2.0.0.202105311346/tools/bin/../lib/gcc/arm-none-eabi/9.3.1/thumb/v7-m/nofp/crtbegin.o
                [!provide]                        PROVIDE (__fini_array_end = .)
                0x00000000080029c0                . = ALIGN (0x4)
                0x00000000080029c0                _sidata = LOADADDR (.data)

.data           0x0000000020000000       0x44 load address 0x00000000080029c0
                0x0000000020000000                . = ALIGN (0x4)
                0x0000000020000000                _sdata = .
 *(.data)
 *(.data*)
 .data.KeyRegRESET0
                0x0000000020000000        0x4 ./Core/Src/button.o
                0x0000000020000000                KeyRegRESET0
 .data.KeyRegRESET1
                0x0000000020000004        0x4 ./Core/Src/button.o
                0x0000000020000004                KeyRegRESET1
 .data.KeyRegRESET2
                0x0000000020000008        0x4 ./Core/Src/button.o
                0x0000000020000008                KeyRegRESET2
 .data.KeyRegRESET3
                0x000000002000000c        0x4 ./Core/Src/button.o
                0x000000002000000c                KeyRegRESET3
 .data.TimerForKeyINCPress
                0x0000000020000010        0x4 ./Core/Src/button.o
                0x0000000020000010                TimerForKeyINCPress
 .data.KeyRegINC0
                0x0000000020000014        0x4 ./Core/Src/button.o
                0x0000000020000014                KeyRegINC0
 .data.KeyRegINC1
                0x0000000020000018        0x4 ./Core/Src/button.o
                0x0000000020000018                KeyRegINC1
 .data.KeyRegINC2
                0x000000002000001c        0x4 ./Core/Src/button.o
                0x000000002000001c                KeyRegINC2
 .data.KeyRegINC3
                0x0000000020000020        0x4 ./Core/Src/button.o
                0x0000000020000020                KeyRegINC3
 .data.TimerForKeyDECPress
                0x0000000020000024        0x4 ./Core/Src/button.o
                0x0000000020000024                TimerForKeyDECPress
 .data.KeyRegDEC0
                0x0000000020000028        0x4 ./Core/Src/button.o
                0x0000000020000028                KeyRegDEC0
 .data.KeyRegDEC1
                0x000000002000002c        0x4 ./Core/Src/button.o
                0x000000002000002c                KeyRegDEC1
 .data.KeyRegDEC2
                0x0000000020000030        0x4 ./Core/Src/button.o
                0x0000000020000030                KeyRegDEC2
 .data.KeyRegDEC3
                0x0000000020000034        0x4 ./Core/Src/button.o
                0x0000000020000034                KeyRegDEC3
 .data.SystemCoreClock
                0x0000000020000038        0x4 ./Core/Src/system_stm32f1xx.o
                0x0000000020000038                SystemCoreClock
 .data.uwTickPrio
                0x000000002000003c        0x4 ./Drivers/STM32F1xx_HAL_Driver/Src/stm32f1xx_hal.o
                0x000000002000003c                uwTickPrio
 .data.uwTickFreq
                0x0000000020000040        0x1 ./Drivers/STM32F1xx_HAL_Driver/Src/stm32f1xx_hal.o
                0x0000000020000040                uwTickFreq
 *(.RamFunc)
 *(.RamFunc*)
                0x0000000020000044                . = ALIGN (0x4)
 *fill*         0x0000000020000041        0x3 
                0x0000000020000044                _edata = .

.igot.plt       0x0000000020000044        0x0 load address 0x0000000008002a04
 .igot.plt      0x0000000020000044        0x0 e:/program files (x86)/stm32cubeide_1.7.0/stm32cubeide/plugins/com.st.stm32cube.ide.mcu.externaltools.gnu-tools-for-stm32.9-2020-q2-update.win32_2.0.0.202105311346/tools/bin/../lib/gcc/arm-none-eabi/9.3.1/thumb/v7-m/nofp/crtbegin.o
                0x0000000020000044                . = ALIGN (0x4)

.bss            0x0000000020000044       0xa4 load address 0x0000000008002a04
                0x0000000020000044                _sbss = .
                0x0000000020000044                __bss_start__ = _sbss
 *(.bss)
 .bss           0x0000000020000044       0x1c e:/program files (x86)/stm32cubeide_1.7.0/stm32cubeide/plugins/com.st.stm32cube.ide.mcu.externaltools.gnu-tools-for-stm32.9-2020-q2-update.win32_2.0.0.202105311346/tools/bin/../lib/gcc/arm-none-eabi/9.3.1/thumb/v7-m/nofp/crtbegin.o
 *(.bss*)
 .bss.TimerForKeyRESETPress
                0x0000000020000060        0x4 ./Core/Src/button.o
                0x0000000020000060                TimerForKeyRESETPress
 .bss.button1_flag
                0x0000000020000064        0x4 ./Core/Src/button.o
                0x0000000020000064                button1_flag
 .bss.button2_flag
                0x0000000020000068        0x4 ./Core/Src/button.o
                0x0000000020000068                button2_flag
 .bss.button3_flag
                0x000000002000006c        0x4 ./Core/Src/button.o
                0x000000002000006c                button3_flag
 .bss.counter   0x0000000020000070        0x4 ./Core/Src/fsm_simple_buttoms.o
                0x0000000020000070                counter
 .bss.status    0x0000000020000074        0x4 ./Core/Src/global.o
                0x0000000020000074                status
 .bss.timer1_counter
                0x0000000020000078        0x4 ./Core/Src/software_timer.o
                0x0000000020000078                timer1_counter
 .bss.timer1_flag
                0x000000002000007c        0x4 ./Core/Src/software_timer.o
                0x000000002000007c                timer1_flag
 .bss.timer2_counter
                0x0000000020000080        0x4 ./Core/Src/software_timer.o
                0x0000000020000080                timer2_counter
 .bss.timer2_flag
                0x0000000020000084        0x4 ./Core/Src/software_timer.o
                0x0000000020000084                timer2_flag
 .bss.timer3_counter
                0x0000000020000088        0x4 ./Core/Src/software_timer.o
                0x0000000020000088                timer3_counter
 .bss.timer3_flag
                0x000000002000008c        0x4 ./Core/Src/software_timer.o
                0x000000002000008c                timer3_flag
 .bss.timer4_counter
                0x0000000020000090        0x4 ./Core/Src/software_timer.o
                0x0000000020000090                timer4_counter
 .bss.timer4_flag
                0x0000000020000094        0x4 ./Core/Src/software_timer.o
                0x0000000020000094                timer4_flag
 *(COMMON)
 COMMON         0x0000000020000098        0x4 ./Core/Src/button.o
                0x0000000020000098                ledstate
 COMMON         0x000000002000009c       0x48 ./Core/Src/main.o
                0x000000002000009c                htim2
 COMMON         0x00000000200000e4        0x4 ./Drivers/STM32F1xx_HAL_Driver/Src/stm32f1xx_hal.o
                0x00000000200000e4                uwTick
                0x00000000200000e8                . = ALIGN (0x4)
                0x00000000200000e8                _ebss = .
                0x00000000200000e8                __bss_end__ = _ebss

._user_heap_stack
                0x00000000200000e8      0x600 load address 0x0000000008002a04
                0x00000000200000e8                . = ALIGN (0x8)
                [!provide]                        PROVIDE (end = .)
                0x00000000200000e8                PROVIDE (_end = .)
                0x00000000200002e8                . = (. + _Min_Heap_Size)
 *fill*         0x00000000200000e8      0x200 
                0x00000000200006e8                . = (. + _Min_Stack_Size)
 *fill*         0x00000000200002e8      0x400 
                0x00000000200006e8                . = ALIGN (0x8)

/DISCARD/
 libc.a(*)
 libm.a(*)
 libgcc.a(*)

.ARM.attributes
                0x0000000000000000       0x29
 *(.ARM.attributes)
 .ARM.attributes
                0x0000000000000000       0x1d e:/program files (x86)/stm32cubeide_1.7.0/stm32cubeide/plugins/com.st.stm32cube.ide.mcu.externaltools.gnu-tools-for-stm32.9-2020-q2-update.win32_2.0.0.202105311346/tools/bin/../lib/gcc/arm-none-eabi/9.3.1/thumb/v7-m/nofp/crti.o
 .ARM.attributes
                0x000000000000001d       0x2d e:/program files (x86)/stm32cubeide_1.7.0/stm32cubeide/plugins/com.st.stm32cube.ide.mcu.externaltools.gnu-tools-for-stm32.9-2020-q2-update.win32_2.0.0.202105311346/tools/bin/../lib/gcc/arm-none-eabi/9.3.1/thumb/v7-m/nofp/crtbegin.o
 .ARM.attributes
                0x000000000000004a       0x2d ./Core/Src/button.o
 .ARM.attributes
                0x0000000000000077       0x2d ./Core/Src/display7SEG.o
 .ARM.attributes
                0x00000000000000a4       0x2d ./Core/Src/fsm_simple_buttoms.o
 .ARM.attributes
                0x00000000000000d1       0x33 ./Core/Src/global.o
 .ARM.attributes
                0x0000000000000104       0x2d ./Core/Src/led.o
 .ARM.attributes
                0x0000000000000131       0x2d ./Core/Src/main.o
 .ARM.attributes
                0x000000000000015e       0x2d ./Core/Src/software_timer.o
 .ARM.attributes
                0x000000000000018b       0x2d ./Core/Src/stm32f1xx_hal_msp.o
 .ARM.attributes
                0x00000000000001b8       0x2d ./Core/Src/stm32f1xx_it.o
 .ARM.attributes
                0x00000000000001e5       0x2d ./Core/Src/system_stm32f1xx.o
 .ARM.attributes
                0x0000000000000212       0x21 ./Core/Startup/startup_stm32f103c6ux.o
 .ARM.attributes
                0x0000000000000233       0x2d ./Drivers/STM32F1xx_HAL_Driver/Src/stm32f1xx_hal.o
 .ARM.attributes
                0x0000000000000260       0x2d ./Drivers/STM32F1xx_HAL_Driver/Src/stm32f1xx_hal_cortex.o
 .ARM.attributes
                0x000000000000028d       0x2d ./Drivers/STM32F1xx_HAL_Driver/Src/stm32f1xx_hal_gpio.o
 .ARM.attributes
                0x00000000000002ba       0x2d ./Drivers/STM32F1xx_HAL_Driver/Src/stm32f1xx_hal_rcc.o
 .ARM.attributes
                0x00000000000002e7       0x2d ./Drivers/STM32F1xx_HAL_Driver/Src/stm32f1xx_hal_tim.o
 .ARM.attributes
                0x0000000000000314       0x2d ./Drivers/STM32F1xx_HAL_Driver/Src/stm32f1xx_hal_tim_ex.o
 .ARM.attributes
                0x0000000000000341       0x2d e:/program files (x86)/stm32cubeide_1.7.0/stm32cubeide/plugins/com.st.stm32cube.ide.mcu.externaltools.gnu-tools-for-stm32.9-2020-q2-update.win32_2.0.0.202105311346/tools/bin/../lib/gcc/arm-none-eabi/9.3.1/../../../../arm-none-eabi/lib/thumb/v7-m/nofp\libc_nano.a(lib_a-init.o)
 .ARM.attributes
                0x000000000000036e       0x2d e:/program files (x86)/stm32cubeide_1.7.0/stm32cubeide/plugins/com.st.stm32cube.ide.mcu.externaltools.gnu-tools-for-stm32.9-2020-q2-update.win32_2.0.0.202105311346/tools/bin/../lib/gcc/arm-none-eabi/9.3.1/../../../../arm-none-eabi/lib/thumb/v7-m/nofp\libc_nano.a(lib_a-memset.o)
 .ARM.attributes
                0x000000000000039b       0x1d e:/program files (x86)/stm32cubeide_1.7.0/stm32cubeide/plugins/com.st.stm32cube.ide.mcu.externaltools.gnu-tools-for-stm32.9-2020-q2-update.win32_2.0.0.202105311346/tools/bin/../lib/gcc/arm-none-eabi/9.3.1/thumb/v7-m/nofp/crtn.o
OUTPUT(Midterm.elf elf32-littlearm)
LOAD linker stubs
LOAD e:/program files (x86)/stm32cubeide_1.7.0/stm32cubeide/plugins/com.st.stm32cube.ide.mcu.externaltools.gnu-tools-for-stm32.9-2020-q2-update.win32_2.0.0.202105311346/tools/bin/../lib/gcc/arm-none-eabi/9.3.1/../../../../arm-none-eabi/lib/thumb/v7-m/nofp\libc.a
LOAD e:/program files (x86)/stm32cubeide_1.7.0/stm32cubeide/plugins/com.st.stm32cube.ide.mcu.externaltools.gnu-tools-for-stm32.9-2020-q2-update.win32_2.0.0.202105311346/tools/bin/../lib/gcc/arm-none-eabi/9.3.1/../../../../arm-none-eabi/lib/thumb/v7-m/nofp\libm.a
LOAD e:/program files (x86)/stm32cubeide_1.7.0/stm32cubeide/plugins/com.st.stm32cube.ide.mcu.externaltools.gnu-tools-for-stm32.9-2020-q2-update.win32_2.0.0.202105311346/tools/bin/../lib/gcc/arm-none-eabi/9.3.1/thumb/v7-m/nofp\libgcc.a

.debug_info     0x0000000000000000     0x9171
 .debug_info    0x0000000000000000      0x4a5 ./Core/Src/button.o
 .debug_info    0x00000000000004a5      0x295 ./Core/Src/display7SEG.o
 .debug_info    0x000000000000073a      0x21e ./Core/Src/fsm_simple_buttoms.o
 .debug_info    0x0000000000000958      0x1e0 ./Core/Src/global.o
 .debug_info    0x0000000000000b38      0x27e ./Core/Src/led.o
 .debug_info    0x0000000000000db6      0xbe9 ./Core/Src/main.o
 .debug_info    0x000000000000199f      0x187 ./Core/Src/software_timer.o
 .debug_info    0x0000000000001b26      0xa04 ./Core/Src/stm32f1xx_hal_msp.o
 .debug_info    0x000000000000252a      0x7b4 ./Core/Src/stm32f1xx_it.o
 .debug_info    0x0000000000002cde      0x2be ./Core/Src/system_stm32f1xx.o
 .debug_info    0x0000000000002f9c       0x22 ./Core/Startup/startup_stm32f103c6ux.o
 .debug_info    0x0000000000002fbe      0x74c ./Drivers/STM32F1xx_HAL_Driver/Src/stm32f1xx_hal.o
 .debug_info    0x000000000000370a      0xbbe ./Drivers/STM32F1xx_HAL_Driver/Src/stm32f1xx_hal_cortex.o
 .debug_info    0x00000000000042c8      0x701 ./Drivers/STM32F1xx_HAL_Driver/Src/stm32f1xx_hal_gpio.o
 .debug_info    0x00000000000049c9      0x88e ./Drivers/STM32F1xx_HAL_Driver/Src/stm32f1xx_hal_rcc.o
 .debug_info    0x0000000000005257     0x2a45 ./Drivers/STM32F1xx_HAL_Driver/Src/stm32f1xx_hal_tim.o
 .debug_info    0x0000000000007c9c     0x14d5 ./Drivers/STM32F1xx_HAL_Driver/Src/stm32f1xx_hal_tim_ex.o

.debug_abbrev   0x0000000000000000     0x1a92
 .debug_abbrev  0x0000000000000000      0x13b ./Core/Src/button.o
 .debug_abbrev  0x000000000000013b      0x12c ./Core/Src/display7SEG.o
 .debug_abbrev  0x0000000000000267       0xd8 ./Core/Src/fsm_simple_buttoms.o
 .debug_abbrev  0x000000000000033f       0xbc ./Core/Src/global.o
 .debug_abbrev  0x00000000000003fb      0x109 ./Core/Src/led.o
 .debug_abbrev  0x0000000000000504      0x22c ./Core/Src/main.o
 .debug_abbrev  0x0000000000000730       0xb6 ./Core/Src/software_timer.o
 .debug_abbrev  0x00000000000007e6      0x1b7 ./Core/Src/stm32f1xx_hal_msp.o
 .debug_abbrev  0x000000000000099d      0x176 ./Core/Src/stm32f1xx_it.o
 .debug_abbrev  0x0000000000000b13      0x14e ./Core/Src/system_stm32f1xx.o
 .debug_abbrev  0x0000000000000c61       0x12 ./Core/Startup/startup_stm32f103c6ux.o
 .debug_abbrev  0x0000000000000c73      0x1ed ./Drivers/STM32F1xx_HAL_Driver/Src/stm32f1xx_hal.o
 .debug_abbrev  0x0000000000000e60      0x313 ./Drivers/STM32F1xx_HAL_Driver/Src/stm32f1xx_hal_cortex.o
 .debug_abbrev  0x0000000000001173      0x1e8 ./Drivers/STM32F1xx_HAL_Driver/Src/stm32f1xx_hal_gpio.o
 .debug_abbrev  0x000000000000135b      0x273 ./Drivers/STM32F1xx_HAL_Driver/Src/stm32f1xx_hal_rcc.o
 .debug_abbrev  0x00000000000015ce      0x25e ./Drivers/STM32F1xx_HAL_Driver/Src/stm32f1xx_hal_tim.o
 .debug_abbrev  0x000000000000182c      0x266 ./Drivers/STM32F1xx_HAL_Driver/Src/stm32f1xx_hal_tim_ex.o

.debug_aranges  0x0000000000000000      0xa70
 .debug_aranges
                0x0000000000000000       0x70 ./Core/Src/button.o
 .debug_aranges
                0x0000000000000070       0x28 ./Core/Src/display7SEG.o
 .debug_aranges
                0x0000000000000098       0x30 ./Core/Src/fsm_simple_buttoms.o
 .debug_aranges
                0x00000000000000c8       0x18 ./Core/Src/global.o
 .debug_aranges
                0x00000000000000e0       0x20 ./Core/Src/led.o
 .debug_aranges
                0x0000000000000100       0x48 ./Core/Src/main.o
 .debug_aranges
                0x0000000000000148       0x40 ./Core/Src/software_timer.o
 .debug_aranges
                0x0000000000000188       0x30 ./Core/Src/stm32f1xx_hal_msp.o
 .debug_aranges
                0x00000000000001b8       0x68 ./Core/Src/stm32f1xx_it.o
 .debug_aranges
                0x0000000000000220       0x28 ./Core/Src/system_stm32f1xx.o
 .debug_aranges
                0x0000000000000248       0x28 ./Core/Startup/startup_stm32f103c6ux.o
 .debug_aranges
                0x0000000000000270       0xe0 ./Drivers/STM32F1xx_HAL_Driver/Src/stm32f1xx_hal.o
 .debug_aranges
                0x0000000000000350      0x100 ./Drivers/STM32F1xx_HAL_Driver/Src/stm32f1xx_hal_cortex.o
 .debug_aranges
                0x0000000000000450       0x58 ./Drivers/STM32F1xx_HAL_Driver/Src/stm32f1xx_hal_gpio.o
 .debug_aranges
                0x00000000000004a8       0x90 ./Drivers/STM32F1xx_HAL_Driver/Src/stm32f1xx_hal_rcc.o
 .debug_aranges
                0x0000000000000538      0x3d0 ./Drivers/STM32F1xx_HAL_Driver/Src/stm32f1xx_hal_tim.o
 .debug_aranges
                0x0000000000000908      0x168 ./Drivers/STM32F1xx_HAL_Driver/Src/stm32f1xx_hal_tim_ex.o

.debug_ranges   0x0000000000000000      0x960
 .debug_ranges  0x0000000000000000       0x60 ./Core/Src/button.o
 .debug_ranges  0x0000000000000060       0x18 ./Core/Src/display7SEG.o
 .debug_ranges  0x0000000000000078       0x20 ./Core/Src/fsm_simple_buttoms.o
 .debug_ranges  0x0000000000000098       0x10 ./Core/Src/led.o
 .debug_ranges  0x00000000000000a8       0x38 ./Core/Src/main.o
 .debug_ranges  0x00000000000000e0       0x30 ./Core/Src/software_timer.o
 .debug_ranges  0x0000000000000110       0x20 ./Core/Src/stm32f1xx_hal_msp.o
 .debug_ranges  0x0000000000000130       0x58 ./Core/Src/stm32f1xx_it.o
 .debug_ranges  0x0000000000000188       0x18 ./Core/Src/system_stm32f1xx.o
 .debug_ranges  0x00000000000001a0       0x20 ./Core/Startup/startup_stm32f103c6ux.o
 .debug_ranges  0x00000000000001c0       0xd0 ./Drivers/STM32F1xx_HAL_Driver/Src/stm32f1xx_hal.o
 .debug_ranges  0x0000000000000290       0xf0 ./Drivers/STM32F1xx_HAL_Driver/Src/stm32f1xx_hal_cortex.o
 .debug_ranges  0x0000000000000380       0x48 ./Drivers/STM32F1xx_HAL_Driver/Src/stm32f1xx_hal_gpio.o
 .debug_ranges  0x00000000000003c8       0x80 ./Drivers/STM32F1xx_HAL_Driver/Src/stm32f1xx_hal_rcc.o
 .debug_ranges  0x0000000000000448      0x3c0 ./Drivers/STM32F1xx_HAL_Driver/Src/stm32f1xx_hal_tim.o
 .debug_ranges  0x0000000000000808      0x158 ./Drivers/STM32F1xx_HAL_Driver/Src/stm32f1xx_hal_tim_ex.o

.debug_macro    0x0000000000000000    0x16c3c
 .debug_macro   0x0000000000000000      0x1dd ./Core/Src/button.o
 .debug_macro   0x00000000000001dd      0xa9c ./Core/Src/button.o
 .debug_macro   0x0000000000000c79      0x215 ./Core/Src/button.o
 .debug_macro   0x0000000000000e8e       0x2e ./Core/Src/button.o
 .debug_macro   0x0000000000000ebc       0x22 ./Core/Src/button.o
 .debug_macro   0x0000000000000ede       0x22 ./Core/Src/button.o
 .debug_macro   0x0000000000000f00       0x8e ./Core/Src/button.o
 .debug_macro   0x0000000000000f8e       0x51 ./Core/Src/button.o
 .debug_macro   0x0000000000000fdf      0x103 ./Core/Src/button.o
 .debug_macro   0x00000000000010e2       0x6a ./Core/Src/button.o
 .debug_macro   0x000000000000114c      0x1df ./Core/Src/button.o
 .debug_macro   0x000000000000132b       0x1c ./Core/Src/button.o
 .debug_macro   0x0000000000001347       0x22 ./Core/Src/button.o
 .debug_macro   0x0000000000001369       0xc3 ./Core/Src/button.o
 .debug_macro   0x000000000000142c      0xd23 ./Core/Src/button.o
 .debug_macro   0x000000000000214f     0xde75 ./Core/Src/button.o
 .debug_macro   0x000000000000ffc4       0x6d ./Core/Src/button.o
 .debug_macro   0x0000000000010031     0x3468 ./Core/Src/button.o
 .debug_macro   0x0000000000013499      0x174 ./Core/Src/button.o
 .debug_macro   0x000000000001360d       0x5c ./Core/Src/button.o
 .debug_macro   0x0000000000013669      0x5be ./Core/Src/button.o
 .debug_macro   0x0000000000013c27      0x1b7 ./Core/Src/button.o
 .debug_macro   0x0000000000013dde      0x1cb ./Core/Src/button.o
 .debug_macro   0x0000000000013fa9      0x114 ./Core/Src/button.o
 .debug_macro   0x00000000000140bd      0x1b2 ./Core/Src/button.o
 .debug_macro   0x000000000001426f       0x27 ./Core/Src/button.o
 .debug_macro   0x0000000000014296      0x12f ./Core/Src/button.o
 .debug_macro   0x00000000000143c5      0x1bc ./Core/Src/button.o
 .debug_macro   0x0000000000014581       0x34 ./Core/Src/button.o
 .debug_macro   0x00000000000145b5       0x3c ./Core/Src/button.o
 .debug_macro   0x00000000000145f1       0x57 ./Core/Src/button.o
 .debug_macro   0x0000000000014648       0x88 ./Core/Src/button.o
 .debug_macro   0x00000000000146d0      0x183 ./Core/Src/button.o
 .debug_macro   0x0000000000014853      0x141 ./Core/Src/button.o
 .debug_macro   0x0000000000014994      0x8d1 ./Core/Src/button.o
 .debug_macro   0x0000000000015265       0x69 ./Core/Src/button.o
 .debug_macro   0x00000000000152ce       0x88 ./Core/Src/button.o
 .debug_macro   0x0000000000015356       0x34 ./Core/Src/button.o
 .debug_macro   0x000000000001538a       0x10 ./Core/Src/button.o
 .debug_macro   0x000000000001539a      0x1bb ./Core/Src/display7SEG.o
 .debug_macro   0x0000000000015555      0x1e7 ./Core/Src/fsm_simple_buttoms.o
 .debug_macro   0x000000000001573c      0x1dd ./Core/Src/global.o
 .debug_macro   0x0000000000015919      0x1e7 ./Core/Src/led.o
 .debug_macro   0x0000000000015b00      0x1f9 ./Core/Src/main.o
 .debug_macro   0x0000000000015cf9       0x21 ./Core/Src/software_timer.o
 .debug_macro   0x0000000000015d1a      0x1a7 ./Core/Src/stm32f1xx_hal_msp.o
 .debug_macro   0x0000000000015ec1      0x1b1 ./Core/Src/stm32f1xx_it.o
 .debug_macro   0x0000000000016072      0x198 ./Core/Src/system_stm32f1xx.o
 .debug_macro   0x000000000001620a      0x1bc ./Drivers/STM32F1xx_HAL_Driver/Src/stm32f1xx_hal.o
 .debug_macro   0x00000000000163c6      0x198 ./Drivers/STM32F1xx_HAL_Driver/Src/stm32f1xx_hal_cortex.o
 .debug_macro   0x000000000001655e      0x203 ./Drivers/STM32F1xx_HAL_Driver/Src/stm32f1xx_hal_gpio.o
 .debug_macro   0x0000000000016761      0x1aa ./Drivers/STM32F1xx_HAL_Driver/Src/stm32f1xx_hal_rcc.o
 .debug_macro   0x000000000001690b      0x199 ./Drivers/STM32F1xx_HAL_Driver/Src/stm32f1xx_hal_tim.o
 .debug_macro   0x0000000000016aa4      0x198 ./Drivers/STM32F1xx_HAL_Driver/Src/stm32f1xx_hal_tim_ex.o

.debug_line     0x0000000000000000     0xc461
 .debug_line    0x0000000000000000      0x8fb ./Core/Src/button.o
 .debug_line    0x00000000000008fb      0x792 ./Core/Src/display7SEG.o
 .debug_line    0x000000000000108d      0xdab ./Core/Src/fsm_simple_buttoms.o
 .debug_line    0x0000000000001e38      0x6f1 ./Core/Src/global.o
 .debug_line    0x0000000000002529      0x72c ./Core/Src/led.o
 .debug_line    0x0000000000002c55      0x85f ./Core/Src/main.o
 .debug_line    0x00000000000034b4      0x12d ./Core/Src/software_timer.o
 .debug_line    0x00000000000035e1      0x714 ./Core/Src/stm32f1xx_hal_msp.o
 .debug_line    0x0000000000003cf5      0x7b2 ./Core/Src/stm32f1xx_it.o
 .debug_line    0x00000000000044a7      0x756 ./Core/Src/system_stm32f1xx.o
 .debug_line    0x0000000000004bfd       0x87 ./Core/Startup/startup_stm32f103c6ux.o
 .debug_line    0x0000000000004c84      0x983 ./Drivers/STM32F1xx_HAL_Driver/Src/stm32f1xx_hal.o
 .debug_line    0x0000000000005607      0xb6b ./Drivers/STM32F1xx_HAL_Driver/Src/stm32f1xx_hal_cortex.o
 .debug_line    0x0000000000006172      0xa04 ./Drivers/STM32F1xx_HAL_Driver/Src/stm32f1xx_hal_gpio.o
 .debug_line    0x0000000000006b76      0xd91 ./Drivers/STM32F1xx_HAL_Driver/Src/stm32f1xx_hal_rcc.o
 .debug_line    0x0000000000007907     0x32e1 ./Drivers/STM32F1xx_HAL_Driver/Src/stm32f1xx_hal_tim.o
 .debug_line    0x000000000000abe8     0x1879 ./Drivers/STM32F1xx_HAL_Driver/Src/stm32f1xx_hal_tim_ex.o

.debug_str      0x0000000000000000    0x820cc
 .debug_str     0x0000000000000000    0x7f618 ./Core/Src/button.o
                                      0x7f97a (size before relaxing)
 .debug_str     0x000000000007f618       0x37 ./Core/Src/display7SEG.o
                                      0x7f719 (size before relaxing)
 .debug_str     0x000000000007f64f       0x83 ./Core/Src/fsm_simple_buttoms.o
                                      0x7f7eb (size before relaxing)
 .debug_str     0x000000000007f6d2       0x15 ./Core/Src/global.o
                                      0x7f77d (size before relaxing)
 .debug_str     0x000000000007f6e7       0x29 ./Core/Src/led.o
                                      0x7f7bc (size before relaxing)
 .debug_str     0x000000000007f710      0x6df ./Core/Src/main.o
                                      0x7ff65 (size before relaxing)
 .debug_str     0x000000000007fdef       0x9b ./Core/Src/software_timer.o
                                       0x2e31 (size before relaxing)
 .debug_str     0x000000000007fe8a      0x2ba ./Core/Src/stm32f1xx_hal_msp.o
                                      0x7fe75 (size before relaxing)
 .debug_str     0x0000000000080144       0xcd ./Core/Src/stm32f1xx_it.o
                                      0x7fbd7 (size before relaxing)
 .debug_str     0x0000000000080211       0x52 ./Core/Src/system_stm32f1xx.o
                                      0x7f4f7 (size before relaxing)
 .debug_str     0x0000000000080263       0x36 ./Core/Startup/startup_stm32f103c6ux.o
                                         0x62 (size before relaxing)
 .debug_str     0x0000000000080299      0x304 ./Drivers/STM32F1xx_HAL_Driver/Src/stm32f1xx_hal.o
                                      0x7fb4e (size before relaxing)
 .debug_str     0x000000000008059d      0x300 ./Drivers/STM32F1xx_HAL_Driver/Src/stm32f1xx_hal_cortex.o
                                      0x7fb56 (size before relaxing)
 .debug_str     0x000000000008089d      0x324 ./Drivers/STM32F1xx_HAL_Driver/Src/stm32f1xx_hal_gpio.o
                                      0x7f8bb (size before relaxing)
 .debug_str     0x0000000000080bc1      0x24f ./Drivers/STM32F1xx_HAL_Driver/Src/stm32f1xx_hal_rcc.o
                                      0x7f8f4 (size before relaxing)
 .debug_str     0x0000000000080e10      0xdce ./Drivers/STM32F1xx_HAL_Driver/Src/stm32f1xx_hal_tim.o
                                      0x808c6 (size before relaxing)
 .debug_str     0x0000000000081bde      0x4ee ./Drivers/STM32F1xx_HAL_Driver/Src/stm32f1xx_hal_tim_ex.o
                                      0x80077 (size before relaxing)

.comment        0x0000000000000000       0x53
 .comment       0x0000000000000000       0x53 ./Core/Src/button.o
                                         0x54 (size before relaxing)
 .comment       0x0000000000000053       0x54 ./Core/Src/display7SEG.o
 .comment       0x0000000000000053       0x54 ./Core/Src/fsm_simple_buttoms.o
 .comment       0x0000000000000053       0x54 ./Core/Src/global.o
 .comment       0x0000000000000053       0x54 ./Core/Src/led.o
 .comment       0x0000000000000053       0x54 ./Core/Src/main.o
 .comment       0x0000000000000053       0x54 ./Core/Src/software_timer.o
 .comment       0x0000000000000053       0x54 ./Core/Src/stm32f1xx_hal_msp.o
 .comment       0x0000000000000053       0x54 ./Core/Src/stm32f1xx_it.o
 .comment       0x0000000000000053       0x54 ./Core/Src/system_stm32f1xx.o
 .comment       0x0000000000000053       0x54 ./Drivers/STM32F1xx_HAL_Driver/Src/stm32f1xx_hal.o
 .comment       0x0000000000000053       0x54 ./Drivers/STM32F1xx_HAL_Driver/Src/stm32f1xx_hal_cortex.o
 .comment       0x0000000000000053       0x54 ./Drivers/STM32F1xx_HAL_Driver/Src/stm32f1xx_hal_gpio.o
 .comment       0x0000000000000053       0x54 ./Drivers/STM32F1xx_HAL_Driver/Src/stm32f1xx_hal_rcc.o
 .comment       0x0000000000000053       0x54 ./Drivers/STM32F1xx_HAL_Driver/Src/stm32f1xx_hal_tim.o
 .comment       0x0000000000000053       0x54 ./Drivers/STM32F1xx_HAL_Driver/Src/stm32f1xx_hal_tim_ex.o

.debug_frame    0x0000000000000000     0x28e4
 .debug_frame   0x0000000000000000      0x164 ./Core/Src/button.o
 .debug_frame   0x0000000000000164       0x54 ./Core/Src/display7SEG.o
 .debug_frame   0x00000000000001b8       0x64 ./Core/Src/fsm_simple_buttoms.o
 .debug_frame   0x000000000000021c       0x2c ./Core/Src/led.o
 .debug_frame   0x0000000000000248       0xd4 ./Core/Src/main.o
 .debug_frame   0x000000000000031c       0xd0 ./Core/Src/software_timer.o
 .debug_frame   0x00000000000003ec       0x80 ./Core/Src/stm32f1xx_hal_msp.o
 .debug_frame   0x000000000000046c      0x120 ./Core/Src/stm32f1xx_it.o
 .debug_frame   0x000000000000058c       0x58 ./Core/Src/system_stm32f1xx.o
 .debug_frame   0x00000000000005e4      0x334 ./Drivers/STM32F1xx_HAL_Driver/Src/stm32f1xx_hal.o
 .debug_frame   0x0000000000000918      0x428 ./Drivers/STM32F1xx_HAL_Driver/Src/stm32f1xx_hal_cortex.o
 .debug_frame   0x0000000000000d40      0x14c ./Drivers/STM32F1xx_HAL_Driver/Src/stm32f1xx_hal_gpio.o
 .debug_frame   0x0000000000000e8c      0x21c ./Drivers/STM32F1xx_HAL_Driver/Src/stm32f1xx_hal_rcc.o
 .debug_frame   0x00000000000010a8     0x11b8 ./Drivers/STM32F1xx_HAL_Driver/Src/stm32f1xx_hal_tim.o
 .debug_frame   0x0000000000002260      0x638 ./Drivers/STM32F1xx_HAL_Driver/Src/stm32f1xx_hal_tim_ex.o
 .debug_frame   0x0000000000002898       0x2c e:/program files (x86)/stm32cubeide_1.7.0/stm32cubeide/plugins/com.st.stm32cube.ide.mcu.externaltools.gnu-tools-for-stm32.9-2020-q2-update.win32_2.0.0.202105311346/tools/bin/../lib/gcc/arm-none-eabi/9.3.1/../../../../arm-none-eabi/lib/thumb/v7-m/nofp\libc_nano.a(lib_a-init.o)
 .debug_frame   0x00000000000028c4       0x20 e:/program files (x86)/stm32cubeide_1.7.0/stm32cubeide/plugins/com.st.stm32cube.ide.mcu.externaltools.gnu-tools-for-stm32.9-2020-q2-update.win32_2.0.0.202105311346/tools/bin/../lib/gcc/arm-none-eabi/9.3.1/../../../../arm-none-eabi/lib/thumb/v7-m/nofp\libc_nano.a(lib_a-memset.o)
